[2025-12-09 01:01:53] [INFO] Generating modules...
[2025-12-09 01:01:53] [INFO] Generated 3D Quantum Header module
[2025-12-09 01:01:53] [INFO] Generated System Metrics module
[2025-12-09 01:01:53] [INFO] Generated macOS Version Spoofer module
[2025-12-09 01:01:53] [INFO] Generated Universal Tool Installer module
[2025-12-09 01:01:53] [INFO] Generated Quantum AI Intelligence module
[2025-12-09 01:01:53] [INFO] Generated 3D Holographic Interface module
[2025-12-09 01:01:53] [INFO] Generated Advanced TODO System module
[2025-12-09 01:01:53] [INFO] Generated Auto Systems module
[2025-12-09 01:01:53] [INFO] Generated Security & Privacy module
[2025-12-09 01:01:53] [INFO] Generated Error Recovery module
[2025-12-09 01:01:53] [INFO] Generated Plugin System
[2025-12-09 01:01:53] [INFO] Generated Help System module
[2025-12-09 01:01:53] [INFO] Generated Universal Palette Manager module
[2025-12-09 01:01:53] [INFO] Generated Nexus Dashboard module
[2025-12-09 01:01:53] [INFO] Generating main .zshrc...
[2025-12-09 01:01:53] [INFO] Generated main .zshrc file
[2025-12-09 01:04:11] [INFO] Generating modules...
[2025-12-09 01:04:11] [INFO] Generated 3D Quantum Header module
[2025-12-09 01:04:11] [INFO] Generated System Metrics module
[2025-12-09 01:04:11] [INFO] Generated macOS Version Spoofer module
[2025-12-09 01:04:11] [INFO] Generated Universal Tool Installer module
[2025-12-09 01:04:11] [INFO] Generated Quantum AI Intelligence module
[2025-12-09 01:04:11] [INFO] Generated 3D Holographic Interface module
[2025-12-09 01:04:11] [INFO] Generated Advanced TODO System module
[2025-12-09 01:04:11] [INFO] Generated Auto Systems module
[2025-12-09 01:04:11] [INFO] Generated Security & Privacy module
[2025-12-09 01:04:11] [INFO] Generated Error Recovery module
[2025-12-09 01:04:11] [INFO] Generated Plugin System
[2025-12-09 01:04:11] [INFO] Generated Help System module
[2025-12-09 01:04:11] [INFO] Generated Universal Palette Manager module
[2025-12-09 01:04:11] [INFO] Generated Nexus Dashboard module
[2025-12-09 01:04:11] [INFO] Generating main .zshrc...
[2025-12-09 01:04:11] [INFO] Generated main .zshrc file
[2025-12-09 01:04:11] [INFO] Backed up existing .zshrc to /Users/DoneDeal/.config/ultra-zsh/backups/zshrc_backup_20251209_010411
[2025-12-09 01:04:35] [INFO] Generating modules...
[2025-12-09 01:04:35] [INFO] Generated 3D Quantum Header module
[2025-12-09 01:04:35] [INFO] Generated System Metrics module
[2025-12-09 01:04:35] [INFO] Generated macOS Version Spoofer module
[2025-12-09 01:04:35] [INFO] Generated Universal Tool Installer module
[2025-12-09 01:04:35] [INFO] Generated Quantum AI Intelligence module
[2025-12-09 01:04:35] [INFO] Generated 3D Holographic Interface module
[2025-12-09 01:04:35] [INFO] Generated Advanced TODO System module
[2025-12-09 01:04:35] [INFO] Generated Auto Systems module
[2025-12-09 01:04:35] [INFO] Generated Security & Privacy module
[2025-12-09 01:04:35] [INFO] Generated Error Recovery module
[2025-12-09 01:04:35] [INFO] Generated Plugin System
[2025-12-09 01:04:35] [INFO] Generated Help System module
[2025-12-09 01:04:35] [INFO] Generated Universal Palette Manager module
[2025-12-09 01:04:35] [INFO] Generated Nexus Dashboard module
[2025-12-09 01:04:35] [INFO] Generating main .zshrc...
[2025-12-09 01:04:35] [INFO] Generated main .zshrc file
[2025-12-09 01:04:35] [INFO] Backed up existing .zshrc to /Users/DoneDeal/.config/ultra-zsh/backups/zshrc_backup_20251209_010435
[2025-12-09 01:05:57] [INFO] Generating modules...
[2025-12-09 01:05:57] [INFO] Generated 3D Quantum Header module
[2025-12-09 01:05:57] [INFO] Generated System Metrics module
[2025-12-09 01:05:57] [INFO] Generated macOS Version Spoofer module
[2025-12-09 01:05:57] [INFO] Generated Universal Tool Installer module
[2025-12-09 01:05:57] [INFO] Generated Quantum AI Intelligence module
[2025-12-09 01:05:57] [INFO] Generated 3D Holographic Interface module
[2025-12-09 01:05:57] [INFO] Generated Advanced TODO System module
[2025-12-09 01:05:57] [INFO] Generated Auto Systems module
[2025-12-09 01:05:57] [INFO] Generated Security & Privacy module
[2025-12-09 01:05:57] [INFO] Generated Error Recovery module
[2025-12-09 01:05:57] [INFO] Generated Plugin System
[2025-12-09 01:05:57] [INFO] Generated Help System module
[2025-12-09 01:05:57] [INFO] Generated Universal Palette Manager module
[2025-12-09 01:05:57] [INFO] Generated Nexus Dashboard module
[2025-12-09 01:05:57] [INFO] Generating main .zshrc...
[2025-12-09 01:05:58] [INFO] Generated main .zshrc file
[2025-12-09 01:05:58] [INFO] Backed up existing .zshrc to /Users/DoneDeal/.config/ultra-zsh/backups/zshrc_backup_20251209_010558
[2025-12-09 01:11:44] [INFO] Generating modules...
[2025-12-09 01:11:44] [INFO] Generated 3D Quantum Header module
[2025-12-09 01:11:44] [INFO] Generated System Metrics module
[2025-12-09 01:11:44] [INFO] Generated macOS Version Spoofer module
[2025-12-09 01:11:44] [INFO] Generated Universal Tool Installer module
[2025-12-09 01:11:44] [INFO] Generated Quantum AI Intelligence module
[2025-12-09 01:11:44] [INFO] Generated 3D Holographic Interface module
[2025-12-09 01:11:44] [INFO] Generated Advanced TODO System module
[2025-12-09 01:11:44] [INFO] Generated Auto Systems module
[2025-12-09 01:11:44] [INFO] Generated Security & Privacy module
[2025-12-09 01:11:44] [INFO] Generated Error Recovery module
[2025-12-09 01:11:44] [INFO] Generated Plugin System
[2025-12-09 01:11:44] [INFO] Generated Help System module
[2025-12-09 01:11:44] [INFO] Generated Universal Palette Manager module
[2025-12-09 01:11:44] [INFO] Generated Nexus Dashboard module
[2025-12-09 01:11:44] [INFO] Generating main .zshrc...
[2025-12-09 01:11:44] [INFO] Generated main .zshrc file
[2025-12-09 01:11:44] [INFO] Backed up existing .zshrc to /Users/DoneDeal/.config/ultra-zsh/backups/zshrc_backup_20251209_011144
[2025-12-09 01:16:33] [INFO] Generating modules...
[2025-12-09 01:16:33] [INFO] Generated 3D Quantum Header module
[2025-12-09 01:16:33] [INFO] Generated System Metrics module
[2025-12-09 01:16:33] [INFO] Generated macOS Version Spoofer module
[2025-12-09 01:16:33] [INFO] Generated Universal Tool Installer module
[2025-12-09 01:16:33] [INFO] Generated Quantum AI Intelligence module
[2025-12-09 01:16:33] [INFO] Generated 3D Holographic Interface module
[2025-12-09 01:16:33] [INFO] Generated Advanced TODO System module
[2025-12-09 01:16:33] [INFO] Generated Auto Systems module
[2025-12-09 01:16:33] [INFO] Generated Security & Privacy module
[2025-12-09 01:16:33] [INFO] Generated Error Recovery module
[2025-12-09 01:16:33] [INFO] Generated Plugin System
[2025-12-09 01:16:33] [INFO] Generated Help System module
[2025-12-09 01:16:33] [INFO] Generated Universal Palette Manager module
[2025-12-09 01:16:33] [INFO] Generated Nexus Dashboard module
[2025-12-09 01:16:33] [INFO] Generating main .zshrc...
[2025-12-09 01:16:33] [INFO] Generated main .zshrc file
[2025-12-09 01:16:33] [INFO] Backed up existing .zshrc to /Users/DoneDeal/.config/ultra-zsh/backups/zshrc_backup_20251209_011633
[2025-12-09 01:16:51] [INFO] Generating modules...
[2025-12-09 01:16:51] [INFO] Generated 3D Quantum Header module
[2025-12-09 01:16:51] [INFO] Generated System Metrics module
[2025-12-09 01:16:51] [INFO] Generated macOS Version Spoofer module
[2025-12-09 01:16:51] [INFO] Generated Universal Tool Installer module
[2025-12-09 01:16:51] [INFO] Generated Quantum AI Intelligence module
[2025-12-09 01:16:51] [INFO] Generated 3D Holographic Interface module
[2025-12-09 01:16:51] [INFO] Generated Advanced TODO System module
[2025-12-09 01:16:51] [INFO] Generated Auto Systems module
[2025-12-09 01:16:51] [INFO] Generated Security & Privacy module
[2025-12-09 01:16:51] [INFO] Generated Error Recovery module
[2025-12-09 01:16:51] [INFO] Generated Plugin System
[2025-12-09 01:16:51] [INFO] Generated Help System module
[2025-12-09 01:16:51] [INFO] Generated Universal Palette Manager module
[2025-12-09 01:16:51] [INFO] Generated Nexus Dashboard module
[2025-12-09 01:16:51] [INFO] Generating main .zshrc...
[2025-12-09 01:16:51] [INFO] Generated main .zshrc file
[2025-12-09 01:16:51] [INFO] Backed up existing .zshrc to /Users/DoneDeal/.config/ultra-zsh/backups/zshrc_backup_20251209_011651
[2025-12-09 01:20:24] [INFO] Generating modules...
[2025-12-09 01:20:24] [INFO] Generated 3D Quantum Header module
[2025-12-09 01:20:24] [INFO] Generated System Metrics module
[2025-12-09 01:20:24] [INFO] Generated macOS Version Spoofer module
[2025-12-09 01:20:24] [INFO] Generated Universal Tool Installer module
[2025-12-09 01:20:24] [INFO] Generated Quantum AI Intelligence module
[2025-12-09 01:20:24] [INFO] Generated 3D Holographic Interface module
[2025-12-09 01:20:24] [INFO] Generated Advanced TODO System module
[2025-12-09 01:20:24] [INFO] Generated Auto Systems module
[2025-12-09 01:20:24] [INFO] Generated Security & Privacy module
[2025-12-09 01:20:24] [INFO] Generated Error Recovery module
[2025-12-09 01:20:24] [INFO] Generated Plugin System
[2025-12-09 01:20:24] [INFO] Generated Help System module
[2025-12-09 01:20:24] [INFO] Generated Universal Palette Manager module
[2025-12-09 01:20:24] [INFO] Generated Nexus Dashboard module
[2025-12-09 01:20:24] [INFO] Generating main .zshrc...
[2025-12-09 01:20:24] [INFO] Generated main .zshrc file
[2025-12-09 01:20:24] [INFO] Backed up existing .zshrc to /Users/DoneDeal/.config/ultra-zsh/backups/zshrc_backup_20251209_012024
[2025-12-09 01:24:16] [INFO] Generating modules...
[2025-12-09 01:24:16] [INFO] Generated 3D Quantum Header module
[2025-12-09 01:24:16] [INFO] Generated System Metrics module
[2025-12-09 01:24:16] [INFO] Generated macOS Version Spoofer module
[2025-12-09 01:24:16] [INFO] Generated Universal Tool Installer module
[2025-12-09 01:24:16] [INFO] Generated Quantum AI Intelligence module
[2025-12-09 01:24:16] [INFO] Generated 3D Holographic Interface module
[2025-12-09 01:24:16] [INFO] Generated Advanced TODO System module
[2025-12-09 01:24:16] [INFO] Generated Auto Systems module
[2025-12-09 01:24:16] [INFO] Generated Security & Privacy module
[2025-12-09 01:24:16] [INFO] Generated Error Recovery module
[2025-12-09 01:24:16] [INFO] Generated Plugin System
[2025-12-09 01:24:16] [INFO] Generated Help System module
[2025-12-09 01:24:16] [INFO] Generated Universal Palette Manager module
[2025-12-09 01:24:16] [INFO] Generated Nexus Dashboard module
[2025-12-09 01:24:16] [INFO] Generating main .zshrc...
[2025-12-09 01:24:16] [INFO] Generated main .zshrc file
[2025-12-09 01:24:16] [INFO] Backed up existing .zshrc to /Users/DoneDeal/.config/ultra-zsh/backups/zshrc_backup_20251209_012416
[2025-12-09 01:26:44] [INFO] Generating modules...
[2025-12-09 01:26:44] [INFO] Generated 3D Quantum Header module
[2025-12-09 01:26:44] [INFO] Generated System Metrics module
[2025-12-09 01:26:44] [INFO] Generated macOS Version Spoofer module
[2025-12-09 01:26:44] [INFO] Generated Universal Tool Installer module
[2025-12-09 01:26:44] [INFO] Generated Quantum AI Intelligence module
[2025-12-09 01:26:44] [INFO] Generated 3D Holographic Interface module
[2025-12-09 01:26:44] [INFO] Generated Advanced TODO System module
[2025-12-09 01:26:44] [INFO] Generated Auto Systems module
[2025-12-09 01:26:44] [INFO] Generated Security & Privacy module
[2025-12-09 01:26:44] [INFO] Generated Error Recovery module
[2025-12-09 01:26:44] [INFO] Generated Plugin System
[2025-12-09 01:26:44] [INFO] Generated Help System module
[2025-12-09 01:26:44] [INFO] Generated Universal Palette Manager module
[2025-12-09 01:26:44] [INFO] Generated Nexus Dashboard module
[2025-12-09 01:26:44] [INFO] Generating main .zshrc...
[2025-12-09 01:26:44] [INFO] Generated main .zshrc file
[2025-12-09 01:26:44] [INFO] Backed up existing .zshrc to /Users/DoneDeal/.config/ultra-zsh/backups/zshrc_backup_20251209_012644
[2025-12-09 01:29:23] [INFO] Generating modules...
[2025-12-09 01:29:23] [INFO] Generated 3D Quantum Header module
[2025-12-09 01:29:23] [INFO] Generated System Metrics module
[2025-12-09 01:29:23] [INFO] Generated macOS Version Spoofer module
[2025-12-09 01:29:23] [INFO] Generated Universal Tool Installer module
[2025-12-09 01:29:23] [INFO] Generated Quantum AI Intelligence module
[2025-12-09 01:29:23] [INFO] Generated 3D Holographic Interface module
[2025-12-09 01:29:23] [INFO] Generated Advanced TODO System module
[2025-12-09 01:29:23] [INFO] Generated Auto Systems module
[2025-12-09 01:29:23] [INFO] Generated Security & Privacy module
[2025-12-09 01:29:23] [INFO] Generated Error Recovery module
[2025-12-09 01:29:23] [INFO] Generated Plugin System
[2025-12-09 01:29:23] [INFO] Generated Help System module
[2025-12-09 01:29:23] [INFO] Generated Universal Palette Manager module
[2025-12-09 01:29:23] [INFO] Generated Nexus Dashboard module
[2025-12-09 01:29:23] [INFO] Generating main .zshrc...
[2025-12-09 01:29:23] [INFO] Generated main .zshrc file
[2025-12-09 01:29:23] [INFO] Backed up existing .zshrc to /Users/DoneDeal/.config/ultra-zsh/backups/zshrc_backup_20251209_012923
[2025-12-09 01:44:36] [INFO] Generating modules...
[2025-12-09 01:44:36] [INFO] Generated 3D Quantum Header module
[2025-12-09 01:44:36] [INFO] Generated System Metrics module
[2025-12-09 01:44:36] [INFO] Generated macOS Version Spoofer module
[2025-12-09 01:44:36] [INFO] Generated Universal Tool Installer module
[2025-12-09 01:44:36] [INFO] Generated Quantum AI Intelligence module
[2025-12-09 01:44:36] [INFO] Generated 3D Holographic Interface module
[2025-12-09 01:44:36] [INFO] Generated Advanced TODO System module
[2025-12-09 01:44:36] [INFO] Generated Auto Systems module
[2025-12-09 01:44:36] [INFO] Generated Security & Privacy module
[2025-12-09 01:44:36] [INFO] Generated Error Recovery module
[2025-12-09 01:44:36] [INFO] Generated Plugin System
[2025-12-09 01:44:36] [INFO] Generated Help System module
[2025-12-09 01:44:36] [INFO] Generated Universal Palette Manager module
[2025-12-09 01:44:36] [INFO] Generated Nexus Dashboard module
[2025-12-09 01:44:36] [INFO] Generating main .zshrc...
[2025-12-09 01:44:36] [INFO] Generated main .zshrc file
[2025-12-09 01:44:36] [INFO] Backed up existing .zshrc to /Users/DoneDeal/.config/ultra-zsh/backups/zshrc_backup_20251209_014436
[2025-12-09 01:47:52] [INFO] Generating modules...
[2025-12-09 01:47:52] [INFO] Generated 3D Quantum Header module
[2025-12-09 01:47:52] [INFO] Generated System Metrics module
[2025-12-09 01:47:52] [INFO] Generated macOS Version Spoofer module
[2025-12-09 01:47:52] [INFO] Generated Universal Tool Installer module
[2025-12-09 01:47:52] [INFO] Generated Quantum AI Intelligence module
[2025-12-09 01:47:52] [INFO] Generated 3D Holographic Interface module
[2025-12-09 01:47:52] [INFO] Generated Advanced TODO System module
[2025-12-09 01:47:52] [INFO] Generated Auto Systems module
[2025-12-09 01:47:53] [INFO] Generated Security & Privacy module
[2025-12-09 01:47:53] [INFO] Generated Error Recovery module
[2025-12-09 01:47:53] [INFO] Generated Plugin System
[2025-12-09 01:47:53] [INFO] Generated Help System module
[2025-12-09 01:47:53] [INFO] Generated Universal Palette Manager module
[2025-12-09 01:47:53] [INFO] Generated Nexus Dashboard module
[2025-12-09 01:47:53] [INFO] Generating main .zshrc...
[2025-12-09 01:47:53] [INFO] Generated main .zshrc file
[2025-12-09 01:47:53] [INFO] Backed up existing .zshrc to /Users/DoneDeal/.config/ultra-zsh/backups/zshrc_backup_20251209_014753
[2025-12-09 01:48:43] [INFO] Generating modules...
[2025-12-09 01:48:43] [INFO] Generated 3D Quantum Header module
[2025-12-09 01:48:43] [INFO] Generated System Metrics module
[2025-12-09 01:48:43] [INFO] Generated macOS Version Spoofer module
[2025-12-09 01:48:43] [INFO] Generated Universal Tool Installer module
[2025-12-09 01:48:43] [INFO] Generated Quantum AI Intelligence module
[2025-12-09 01:48:43] [INFO] Generated 3D Holographic Interface module
[2025-12-09 01:48:43] [INFO] Generated Advanced TODO System module
[2025-12-09 01:48:43] [INFO] Generated Auto Systems module
[2025-12-09 01:48:43] [INFO] Generated Security & Privacy module
[2025-12-09 01:48:43] [INFO] Generated Error Recovery module
[2025-12-09 01:48:43] [INFO] Generated Plugin System
[2025-12-09 01:48:43] [INFO] Generated Help System module
[2025-12-09 01:48:43] [INFO] Generated Universal Palette Manager module
[2025-12-09 01:48:43] [INFO] Generated Nexus Dashboard module
[2025-12-09 01:48:43] [INFO] Generating main .zshrc...
[2025-12-09 01:48:43] [INFO] Generated main .zshrc file
[2025-12-09 01:48:43] [INFO] Backed up existing .zshrc to /Users/DoneDeal/.config/ultra-zsh/backups/zshrc_backup_20251209_014843
[2025-12-09 01:49:38] [INFO] Generating modules...
[2025-12-09 01:49:38] [INFO] Generated 3D Quantum Header module
[2025-12-09 01:49:38] [INFO] Generated System Metrics module
[2025-12-09 01:49:38] [INFO] Generated macOS Version Spoofer module
[2025-12-09 01:49:38] [INFO] Generated Universal Tool Installer module
[2025-12-09 01:49:38] [INFO] Generated Quantum AI Intelligence module
[2025-12-09 01:49:38] [INFO] Generated 3D Holographic Interface module
[2025-12-09 01:49:38] [INFO] Generated Advanced TODO System module
[2025-12-09 01:49:38] [INFO] Generated Auto Systems module
[2025-12-09 01:49:38] [INFO] Generated Security & Privacy module
[2025-12-09 01:49:38] [INFO] Generated Error Recovery module
[2025-12-09 01:49:38] [INFO] Generated Plugin System
[2025-12-09 01:49:38] [INFO] Generated Help System module
[2025-12-09 01:49:38] [INFO] Generated Universal Palette Manager module
[2025-12-09 01:49:38] [INFO] Generated Nexus Dashboard module
[2025-12-09 01:49:38] [INFO] Generating main .zshrc...
[2025-12-09 01:49:38] [INFO] Generated main .zshrc file
[2025-12-09 01:49:38] [INFO] Backed up existing .zshrc to /Users/DoneDeal/.config/ultra-zsh/backups/zshrc_backup_20251209_014938
[2025-12-09 01:50:31] [INFO] Generating modules...
[2025-12-09 01:50:32] [INFO] Generated 3D Quantum Header module
[2025-12-09 01:50:32] [INFO] Generated System Metrics module
[2025-12-09 01:50:32] [INFO] Generated macOS Version Spoofer module
[2025-12-09 01:50:32] [INFO] Generated Universal Tool Installer module
[2025-12-09 01:50:32] [INFO] Generated Quantum AI Intelligence module
[2025-12-09 01:50:32] [INFO] Generated 3D Holographic Interface module
[2025-12-09 01:50:32] [INFO] Generated Advanced TODO System module
[2025-12-09 01:50:32] [INFO] Generated Auto Systems module
[2025-12-09 01:50:32] [INFO] Generated Security & Privacy module
[2025-12-09 01:50:32] [INFO] Generated Error Recovery module
[2025-12-09 01:50:32] [INFO] Generated Plugin System
[2025-12-09 01:50:32] [INFO] Generated Help System module
[2025-12-09 01:50:32] [INFO] Generated Universal Palette Manager module
[2025-12-09 01:50:32] [INFO] Generated Nexus Dashboard module
[2025-12-09 01:50:32] [INFO] Generating main .zshrc...
[2025-12-09 01:50:32] [INFO] Generated main .zshrc file
[2025-12-09 01:50:32] [INFO] Backed up existing .zshrc to /Users/DoneDeal/.config/ultra-zsh/backups/zshrc_backup_20251209_015032
[2025-12-09 02:17:03] [INFO] Generating modules...
[2025-12-09 02:17:03] [INFO] Generated 3D Quantum Header module
[2025-12-09 02:17:03] [INFO] Generated System Metrics module
[2025-12-09 02:17:03] [INFO] Generated macOS Version Spoofer module
[2025-12-09 02:17:03] [INFO] Generated Universal Tool Installer module
[2025-12-09 02:17:03] [INFO] Generated Quantum AI Intelligence module
[2025-12-09 02:17:03] [INFO] Generated 3D Holographic Interface module
[2025-12-09 02:17:03] [INFO] Generated Advanced TODO System module
[2025-12-09 02:17:03] [INFO] Generated Auto Systems module
[2025-12-09 02:17:03] [INFO] Generated Security & Privacy module
[2025-12-09 02:17:03] [INFO] Generated Error Recovery module
[2025-12-09 02:17:03] [INFO] Generated Plugin System
[2025-12-09 02:17:03] [INFO] Generated Help System module
[2025-12-09 02:17:03] [INFO] Generated Universal Palette Manager module
[2025-12-09 02:17:03] [INFO] Generated Nexus Dashboard module
[2025-12-09 02:17:03] [INFO] Generating main .zshrc...
[2025-12-09 02:17:03] [INFO] Generated main .zshrc file
[2025-12-09 02:17:03] [INFO] Backed up existing .zshrc to /Users/DoneDeal/.config/ultra-zsh/backups/zshrc_backup_20251209_021703
[2025-12-09 02:24:25] [INFO] Generating modules...
[2025-12-09 02:24:26] [INFO] Generated 3D Quantum Header module
[2025-12-09 02:24:26] [INFO] Generated System Metrics module
[2025-12-09 02:24:26] [INFO] Generated macOS Version Spoofer module
[2025-12-09 02:24:26] [INFO] Generated Universal Tool Installer module
[2025-12-09 02:24:26] [INFO] Generated Quantum AI Intelligence module
[2025-12-09 02:24:26] [INFO] Generated 3D Holographic Interface module
[2025-12-09 02:24:26] [INFO] Generated Advanced TODO System module
[2025-12-09 02:24:26] [INFO] Generated Auto Systems module
[2025-12-09 02:24:26] [INFO] Generated Security & Privacy module
[2025-12-09 02:24:26] [INFO] Generated Error Recovery module
[2025-12-09 02:24:26] [INFO] Generated Plugin System
[2025-12-09 02:24:26] [INFO] Generated Help System module
[2025-12-09 02:24:26] [INFO] Generated Universal Palette Manager module
[2025-12-09 02:24:26] [INFO] Generated Nexus Dashboard module
[2025-12-09 02:24:26] [INFO] Generating main .zshrc...
[2025-12-09 02:24:26] [INFO] Generated main .zshrc file
[2025-12-09 02:24:26] [INFO] Backed up existing .zshrc to /Users/DoneDeal/.config/ultra-zsh/backups/zshrc_backup_20251209_022426
[2025-12-09 02:30:26] [INFO] Generating modules...
[2025-12-09 02:30:26] [INFO] Generated 3D Quantum Header module
[2025-12-09 02:30:26] [INFO] Generated System Metrics module
[2025-12-09 02:30:26] [INFO] Generated macOS Version Spoofer module
[2025-12-09 02:30:26] [INFO] Generated Universal Tool Installer module
[2025-12-09 02:30:26] [INFO] Generated Quantum AI Intelligence module
[2025-12-09 02:30:26] [INFO] Generated 3D Holographic Interface module
[2025-12-09 02:30:26] [INFO] Generated Advanced TODO System module
[2025-12-09 02:30:26] [INFO] Generated Auto Systems module
[2025-12-09 02:30:26] [INFO] Generated Security & Privacy module
[2025-12-09 02:30:26] [INFO] Generated Error Recovery module
[2025-12-09 02:30:26] [INFO] Generated Plugin System
[2025-12-09 02:30:26] [INFO] Generated Help System module
[2025-12-09 02:30:26] [INFO] Generated Universal Palette Manager module
[2025-12-09 02:30:26] [INFO] Generated Nexus Dashboard module
[2025-12-09 02:30:26] [INFO] Generating main .zshrc...
[2025-12-09 02:30:26] [INFO] Generated main .zshrc file
[2025-12-09 02:30:26] [INFO] Backed up existing .zshrc to /Users/DoneDeal/.config/ultra-zsh/backups/zshrc_backup_20251209_023026
[2025-12-09 02:35:35] [INFO] Generating modules...
[2025-12-09 02:35:35] [INFO] Generated 3D Quantum Header module
[2025-12-09 02:35:35] [INFO] Generated System Metrics module
[2025-12-09 02:35:35] [INFO] Generated macOS Version Spoofer module
[2025-12-09 02:35:35] [INFO] Generated Universal Tool Installer module
[2025-12-09 02:35:35] [INFO] Generated Quantum AI Intelligence module
[2025-12-09 02:35:35] [INFO] Generated 3D Holographic Interface module
[2025-12-09 02:35:35] [INFO] Generated Advanced TODO System module
[2025-12-09 02:35:35] [INFO] Generated Auto Systems module
[2025-12-09 02:35:35] [INFO] Generated Security & Privacy module
[2025-12-09 02:35:35] [INFO] Generated Error Recovery module
[2025-12-09 02:35:35] [INFO] Generated Plugin System
[2025-12-09 02:35:35] [INFO] Generated Help System module
[2025-12-09 02:35:35] [INFO] Generated Universal Palette Manager module
[2025-12-09 02:35:35] [INFO] Generated Nexus Dashboard module
[2025-12-09 02:35:35] [INFO] Generating main .zshrc...
[2025-12-09 02:35:35] [INFO] Generated main .zshrc file
[2025-12-09 02:35:35] [INFO] Backed up existing .zshrc to /Users/DoneDeal/.config/ultra-zsh/backups/zshrc_backup_20251209_023535
[2025-12-09 02:37:47] [INFO] Generating modules...
[2025-12-09 02:37:47] [INFO] Generated 3D Quantum Header module
[2025-12-09 02:37:47] [INFO] Generated System Metrics module
[2025-12-09 02:37:47] [INFO] Generated macOS Version Spoofer module
[2025-12-09 02:37:47] [INFO] Generated Universal Tool Installer module
[2025-12-09 02:37:47] [INFO] Generated Quantum AI Intelligence module
[2025-12-09 02:37:47] [INFO] Generated 3D Holographic Interface module
[2025-12-09 02:37:47] [INFO] Generated Advanced TODO System module
[2025-12-09 02:37:47] [INFO] Generated Auto Systems module
[2025-12-09 02:37:47] [INFO] Generated Security & Privacy module
[2025-12-09 02:37:47] [INFO] Generated Error Recovery module
[2025-12-09 02:37:47] [INFO] Generated Plugin System
[2025-12-09 02:37:47] [INFO] Generated Help System module
[2025-12-09 02:37:47] [INFO] Generated Universal Palette Manager module
[2025-12-09 02:37:47] [INFO] Generated Nexus Dashboard module
[2025-12-09 02:37:47] [INFO] Generating main .zshrc...
[2025-12-09 02:37:47] [INFO] Generated main .zshrc file
[2025-12-09 02:37:47] [INFO] Backed up existing .zshrc to /Users/DoneDeal/.config/ultra-zsh/backups/zshrc_backup_20251209_023747
[2025-12-09 02:41:42] [INFO] Generating modules...
[2025-12-09 02:41:42] [INFO] Generated 3D Quantum Header module
[2025-12-09 02:41:42] [INFO] Generated System Metrics module
[2025-12-09 02:41:42] [INFO] Generated macOS Version Spoofer module
[2025-12-09 02:41:42] [INFO] Generated Universal Tool Installer module
[2025-12-09 02:41:42] [INFO] Generated Quantum AI Intelligence module
[2025-12-09 02:41:42] [INFO] Generated 3D Holographic Interface module
[2025-12-09 02:41:42] [INFO] Generated Advanced TODO System module
[2025-12-09 02:41:43] [INFO] Generated Auto Systems module
[2025-12-09 02:41:43] [INFO] Generated Security & Privacy module
[2025-12-09 02:41:43] [INFO] Generated Error Recovery module
[2025-12-09 02:41:43] [INFO] Generated Plugin System
[2025-12-09 02:41:43] [INFO] Generated Help System module
[2025-12-09 02:41:43] [INFO] Generated Universal Palette Manager module
[2025-12-09 02:41:43] [INFO] Generated Nexus Dashboard module
[2025-12-09 02:41:43] [INFO] Generating main .zshrc...
[2025-12-09 02:41:43] [INFO] Generated main .zshrc file
[2025-12-09 02:41:43] [INFO] Backed up existing .zshrc to /Users/DoneDeal/.config/ultra-zsh/backups/zshrc_backup_20251209_024143
[2025-12-09 02:50:32] [INFO] Generating modules...
[2025-12-09 02:50:32] [INFO] Generated 3D Quantum Header module
[2025-12-09 02:50:32] [INFO] Generated System Metrics module
[2025-12-09 02:50:32] [INFO] Generated macOS Version Spoofer module
[2025-12-09 02:50:32] [INFO] Generated Universal Tool Installer module
[2025-12-09 02:50:32] [INFO] Generated Quantum AI Intelligence module
[2025-12-09 02:50:32] [INFO] Generated 3D Holographic Interface module
[2025-12-09 02:50:32] [INFO] Generated Advanced TODO System module
[2025-12-09 02:50:32] [INFO] Generated Auto Systems module
[2025-12-09 02:50:32] [INFO] Generated Security & Privacy module
[2025-12-09 02:50:32] [INFO] Generated Error Recovery module
[2025-12-09 02:50:32] [INFO] Generated Plugin System
[2025-12-09 02:50:32] [INFO] Generated Help System module
[2025-12-09 02:50:32] [INFO] Generated Universal Palette Manager module
[2025-12-09 02:50:32] [INFO] Generated Nexus Dashboard module
[2025-12-09 02:50:32] [INFO] Generating main .zshrc...
[2025-12-09 02:50:32] [INFO] Generated main .zshrc file
[2025-12-09 02:50:33] [INFO] Backed up existing .zshrc to /Users/DoneDeal/.config/ultra-zsh/backups/zshrc_backup_20251209_025033
[2025-12-09 02:53:02] [INFO] Generating modules...
[2025-12-09 02:53:02] [INFO] Generated 3D Quantum Header module
[2025-12-09 02:53:03] [INFO] Generated System Metrics module
[2025-12-09 02:53:03] [INFO] Generated macOS Version Spoofer module
[2025-12-09 02:53:03] [INFO] Generated Universal Tool Installer module
[2025-12-09 02:53:03] [INFO] Generated Quantum AI Intelligence module
[2025-12-09 02:53:03] [INFO] Generated 3D Holographic Interface module
[2025-12-09 02:53:03] [INFO] Generated Advanced TODO System module
[2025-12-09 02:53:03] [INFO] Generated Auto Systems module
[2025-12-09 02:53:03] [INFO] Generated Security & Privacy module
[2025-12-09 02:53:03] [INFO] Generated Error Recovery module
[2025-12-09 02:53:03] [INFO] Generated Plugin System
[2025-12-09 02:53:03] [INFO] Generated Help System module
[2025-12-09 02:53:03] [INFO] Generated Universal Palette Manager module
[2025-12-09 02:53:03] [INFO] Generated Nexus Dashboard module
[2025-12-09 02:53:03] [INFO] Generating main .zshrc...
[2025-12-09 02:53:03] [INFO] Generated main .zshrc file
[2025-12-09 02:53:03] [INFO] Backed up existing .zshrc to /Users/DoneDeal/.config/ultra-zsh/backups/zshrc_backup_20251209_025303
